// Jest Snapshot v1, https://goo.gl/fbAQLP

exports[`Component is mounted properly 1`] = `
<div class="badge-container px-3 d-flex justify-content-center variant-1"><small class="regular">
    Test
  </small></div>
`;
