// Jest Snapshot v1, https://goo.gl/fbAQLP

exports[`Component is mounted properly 1`] = `
<div class="pagination-container">
  <div role="group" class="btn-group"></div>
</div>
`;
